10:02:30 **** Incremental Build of configuration Debug for project env3 ****
make all 
make --no-print-directory pre-build
a9-linaro-pre-build-step
 
make --no-print-directory main-build
Building file: ../src/main.c
Invoking: ARM v7 gcc compiler
arm-none-eabi-gcc -Wall -O0 -g3 -c -fmessage-length=0 -MT"src/main.o" -mcpu=cortex-a9 -mfpu=vfpv3 -mfloat-abi=hard -I/home/gerard/Documents/TFG/ZynqDmaAnalysis/SW/env3_cora/env3_cora/export/env3_cora/sw/env3_cora/standalone_domain/bspinclude/include -MMD -MP -MF"src/main.d" -MT"src/main.o" -o "src/main.o" "../src/main.c"
Finished building: ../src/main.c
 
Building target: env3.elf
Invoking: ARM v7 gcc linker
arm-none-eabi-gcc -mcpu=cortex-a9 -mfpu=vfpv3 -mfloat-abi=hard -Wl,-build-id=none -specs=Xilinx.spec -Wl,-T -Wl,../src/lscript.ld -L/home/gerard/Documents/TFG/ZynqDmaAnalysis/SW/env3_cora/env3_cora/export/env3_cora/sw/env3_cora/standalone_domain/bsplib/lib -o "env3.elf"  ./src/main.o ./src/user_dma.o ./src/user_gpio.o ./src/user_interrupts.o ./src/user_tests.o ./src/user_trafgen.o   -Wl,--start-group,-lxil,-lgcc,-lc,--end-group -Wl,--start-group,-lxilffs,-lxil,-lgcc,-lc,--end-group
Finished building target: env3.elf
 
Invoking: ARM v7 Print Size
arm-none-eabi-size env3.elf  |tee "env3.elf.size"
   text	   data	    bss	    dec	    hex	filename
  95300	   3528	  37728	 136556	  2156c	env3.elf
Finished building: env3.elf.size
 

10:02:30 Build Finished (took 164ms)

