18:46:42 **** Incremental Build of configuration Debug for project xilffs_polled_example_1 ****
make all 
make --no-print-directory pre-build
a9-linaro-pre-build-step
 
make --no-print-directory main-build
Building file: ../src/xilffs_polled_example.c
Invoking: ARM v7 gcc compiler
arm-none-eabi-gcc -Wall -O0 -g3 -c -fmessage-length=0 -MT"src/xilffs_polled_example.o" -mcpu=cortex-a9 -mfpu=vfpv3 -mfloat-abi=hard -I/home/gerard/Documents/TFG/ZynqDmaAnalysis/SW/env3_cora/env3_cora/export/env3_cora/sw/env3_cora/standalone_domain/bspinclude/include -MMD -MP -MF"src/xilffs_polled_example.d" -MT"src/xilffs_polled_example.o" -o "src/xilffs_polled_example.o" "../src/xilffs_polled_example.c"
Finished building: ../src/xilffs_polled_example.c
 
Building target: xilffs_polled_example_1.elf
Invoking: ARM v7 gcc linker
arm-none-eabi-gcc -mcpu=cortex-a9 -mfpu=vfpv3 -mfloat-abi=hard -Wl,-build-id=none -specs=Xilinx.spec -Wl,-T -Wl,../src/lscript.ld -L/home/gerard/Documents/TFG/ZynqDmaAnalysis/SW/env3_cora/env3_cora/export/env3_cora/sw/env3_cora/standalone_domain/bsplib/lib -o "xilffs_polled_example_1.elf"  ./src/xilffs_polled_example.o   -Wl,--start-group,-lxil,-lgcc,-lc,--end-group -Wl,--start-group,-lxilffs,-lxil,-lgcc,-lc,--end-group
Finished building target: xilffs_polled_example_1.elf
 
Invoking: ARM v7 Print Size
arm-none-eabi-size xilffs_polled_example_1.elf  |tee "xilffs_polled_example_1.elf.size"
   text	   data	    bss	    dec	    hex	filename
  58816	   1620	  46816	 107252	  1a2f4	xilffs_polled_example_1.elf
Finished building: xilffs_polled_example_1.elf.size
 

18:46:43 Build Finished (took 367ms)

